../Core/Src/msd.c:50:6:SD_SPI_Configuration	8	static
../Core/Src/msd.c:57:6:SD_SPI_HightSpeed	56	static
../Core/Src/msd.c:81:6:MSD_WriteByte	16	static
../Core/Src/msd.c:88:4:MSD_ReadByte	24	static
../Core/Src/msd.c:96:4:SPI2_ReadWriteByte	32	static
../Core/Src/msd.c:114:4:MSD_Init	16	static
../Core/Src/msd.c:157:4:MSD_WriteBlock	32	static
../Core/Src/msd.c:211:4:MSD_ReadBlock	32	static
../Core/Src/msd.c:262:4:MSD_WriteBuffer	40	static
../Core/Src/msd.c:325:4:MSD_ReadBuffer	40	static
../Core/Src/msd.c:384:4:MSD_GetCSDRegister	40	static
../Core/Src/msd.c:492:4:MSD_GetCIDRegister	40	static
../Core/Src/msd.c:575:6:MSD_SendCmd	32	static
../Core/Src/msd.c:611:4:MSD_GetDataResponse	16	static
../Core/Src/msd.c:663:4:MSD_GetResponse	24	static
../Core/Src/msd.c:692:5:MSD_GetStatus	16	static
../Core/Src/msd.c:720:4:MSD_GoIdleState	16	static
../Core/Src/msd.c:789:6:Get_Medium_Characteristics	16	static
../Core/Src/msd.c:834:4:SD_SendCommand	24	static
../Core/Src/msd.c:877:4:SD_SendCommand_NoDeassert	24	static
../Core/Src/msd.c:915:4:SDHC_Init	24	static
